// Jest Snapshot v1, https://jestjs.io/docs/snapshot-testing

exports[`Template only with content 1`] = `""<!-- .slide: class=\\"drop\\" -->\\n<div class=\\"\\" style=\\"position: absolute; left: 0px; top: 0px; height: 700px; width: 960px; min-height: 700px; display: flex; flex-direction: column; align-items: center; justify-content: center\\" absolute=\\"true\\">\\n\\n# Before\\n        \\n\\n    # MyContent\\n\\n        # After\\n</div>""`;

exports[`Template with invisible variable not set 1`] = `""<!-- .slide: class=\\"drop\\" -->\\n<div class=\\"\\" style=\\"position: absolute; left: 0px; top: 0px; height: 700px; width: 960px; min-height: 700px; display: flex; flex-direction: column; align-items: center; justify-content: center\\" absolute=\\"true\\">\\n\\n# MyContent\\n\\n        # After<div class=\\"\\" style=\\"position: absolute; left: 0%; top: 94%; height: 6%; width: 100%; display: flex; flex-direction: column; align-items: center; justify-content: center\\" >\\n\\n        \\n        </div>\\n</div>""`;

exports[`Template with variable in frontmatter 1`] = `""<!-- .slide: class=\\"drop\\" -->\\n<div class=\\"\\" style=\\"position: absolute; left: 0px; top: 0px; height: 700px; width: 960px; min-height: 700px; display: flex; flex-direction: column; align-items: center; justify-content: center\\" absolute=\\"true\\">\\n\\n# MyContent\\n\\n    # After<div class=\\"\\" style=\\"position: absolute; left: 0%; top: 94%; height: 6%; width: 100%; display: flex; flex-direction: column; align-items: center; justify-content: center\\" >\\n\\n    ### And then...\\n    </div>\\n</div>""`;

exports[`Template with variable not set 1`] = `""<!-- .slide: class=\\"drop\\" -->\\n<div class=\\"\\" style=\\"position: absolute; left: 0px; top: 0px; height: 700px; width: 960px; min-height: 700px; display: flex; flex-direction: column; align-items: center; justify-content: center\\" absolute=\\"true\\">\\n\\n# MyContent\\n\\n    # After<div class=\\"\\" style=\\"position: absolute; left: 0%; top: 94%; height: 6%; width: 100%; display: flex; flex-direction: column; align-items: center; justify-content: center\\" >\\n\\n    <% footer %>\\n    </div>\\n</div>""`;

exports[`Template with variable set 1`] = `""<!-- .slide: class=\\"drop\\" -->\\n<div class=\\"\\" style=\\"position: absolute; left: 0px; top: 0px; height: 700px; width: 960px; min-height: 700px; display: flex; flex-direction: column; align-items: center; justify-content: center\\" absolute=\\"true\\">\\n\\n# MyContent\\n\\n\\n\\n\\n        # After<div class=\\"\\" style=\\"position: absolute; left: 0%; top: 94%; height: 6%; width: 100%; display: flex; flex-direction: column; align-items: center; justify-content: center\\" >\\n\\n        <div class=\\"block\\">\\n\\n# Hello\\n</div>\\n\\n\\n        </div>\\n</div>""`;
